--------------------------------------------------------------------------------------
Timing Analyzer Summary
--------------------------------------------------------------------------------------

Type           : Worst-case tsu
Slack          : N/A
Required Time  : None
Actual Time    : 4.243 ns
From           : Write_Adr[0]
To             : altsyncram:altsyncram_component|altsyncram_hll1:auto_generated|ram_block1a0~porta_address_reg0
From Clock     : --
To Clock       : Clock
Failed Paths   : 0

Type           : Worst-case tco
Slack          : N/A
Required Time  : None
Actual Time    : 8.250 ns
From           : altsyncram:altsyncram_component|altsyncram_hll1:auto_generated|ram_block1a0~portb_address_reg8
To             : Read_Data[3]
From Clock     : Clock
To Clock       : --
Failed Paths   : 0

Type           : Worst-case th
Slack          : N/A
Required Time  : None
Actual Time    : -2.220 ns
From           : Write_Data[2]
To             : altsyncram:altsyncram_component|altsyncram_hll1:auto_generated|ram_block1a0~porta_datain_reg2
From Clock     : --
To Clock       : Clock
Failed Paths   : 0

Type           : Clock Setup: 'Clock'
Slack          : N/A
Required Time  : None
Actual Time    : Restricted to 500.00 MHz ( period = 2.000 ns )
From           : altsyncram:altsyncram_component|altsyncram_hll1:auto_generated|ram_block1a9~porta_datain_reg6
To             : altsyncram:altsyncram_component|altsyncram_hll1:auto_generated|ram_block1a15~porta_memory_reg0
From Clock     : Clock
To Clock       : Clock
Failed Paths   : 0

Type           : Total number of failed paths
Slack          : 
Required Time  : 
Actual Time    : 
From           : 
To             : 
From Clock     : 
To Clock       : 
Failed Paths   : 0

--------------------------------------------------------------------------------------

